[edbticdt2023.cs.uoi.gr/index.html]
[backblue.gif]
[fade.gif]
[index.html]
[edbticdt2023.cs.uoi.gr/css/layout.css]
[ajax.googleapis.com/ajax/libs/jquery/1.5/jquery.min.js]
[edbticdt2023.cs.uoi.gr/images/logos/final_logo_big.png]
[edbticdt2023.cs.uoi.gr/images/logos/logo-footer.png]
[edbticdt2023.cs.uoi.gr/contents/menu.html]
[edbticdt2023.cs.uoi.gr/index.html]
[edbticdt2023.cs.uoi.gr/css/base.css]
[edbticdt2023.cs.uoi.gr/css/nav_vlist.css]
[edbticdt2023.cs.uoi.gr/css/basemod.css]
[edbticdt2023.cs.uoi.gr/css/content.css]
[edbticdt2023.cs.uoi.gr/css/print_draft.css]
[edbticdt2023.cs.uoi.gr/css/layout.css]
[edbticdt2023.cs.uoi.gr/contents/menu6ed6.html]
[edbticdt2023.cs.uoi.gr/contents/menu457f.html]
[edbticdt2023.cs.uoi.gr/contents/menu1bf2.html]
[edbticdt2023.cs.uoi.gr/contents/menu9bc1.html]
[edbticdt2023.cs.uoi.gr/contents/menuf804.html]
[edbticdt2023.cs.uoi.gr/contents/menu1e6c.html]
[edbticdt2023.cs.uoi.gr/contents/menud1b9.html]
[edbticdt2023.cs.uoi.gr/contents/menu7530.html]
[edbticdt2023.cs.uoi.gr/contents/menu1055.html]
[edbticdt2023.cs.uoi.gr/contents/menu1d44.html]
[edbticdt2023.cs.uoi.gr/contents/menu9a3a.html]
[edbticdt2023.cs.uoi.gr/contents/menucc84.html]
[edbticdt2023.cs.uoi.gr/contents/menu.html]
[platform.twitter.com/widgets.js]
[edbticdt2023.cs.uoi.gr/css/base.css]
[edbticdt2023.cs.uoi.gr/css/nav_vlist.css]
[edbticdt2023.cs.uoi.gr/css/basemod.css]
[edbticdt2023.cs.uoi.gr/css/content.css]
[edbticdt2023.cs.uoi.gr/css/print_draft.css]
[edbticdt2023.cs.uoi.gr/contents/menu6ed6.html]
[edbticdt2023.cs.uoi.gr/contents/menu457f.html]
[edbticdt2023.cs.uoi.gr/contents/menu1bf2.html]
[edbticdt2023.cs.uoi.gr/contents/menu9bc1.html]
[edbticdt2023.cs.uoi.gr/contents/menuf804.html]
[edbticdt2023.cs.uoi.gr/contents/menu1e6c.html]
[edbticdt2023.cs.uoi.gr/contents/menud1b9.html]
[edbticdt2023.cs.uoi.gr/contents/menu7530.html]
[edbticdt2023.cs.uoi.gr/contents/menu1055.html]
[edbticdt2023.cs.uoi.gr/contents/menu1d44.html]
[edbticdt2023.cs.uoi.gr/contents/menu9a3a.html]
[edbticdt2023.cs.uoi.gr/contents/menucc84.html]
